../Core/Src/mesh_AODV.c:31:9:polkadot_init	16	static
../Core/Src/mesh_AODV.c:42:9:mesh_transmit	80	static
../Core/Src/mesh_AODV.c:69:9:mesh_send_data	104	dynamic
../Core/Src/mesh_AODV.c:91:9:mesh_send_rreq	96	static
../Core/Src/mesh_AODV.c:118:9:mesh_send_rrep	96	static
../Core/Src/mesh_AODV.c:137:9:mesh_send_hello	24	static
../Core/Src/mesh_AODV.c:144:9:format_packet_data	16	static
../Core/Src/mesh_AODV.c:182:9:format_packet_rreq	8	static
../Core/Src/mesh_AODV.c:217:9:format_packet_rrep	8	static
../Core/Src/mesh_AODV.c:252:20:unpack_packet_data	72	static
../Core/Src/mesh_AODV.c:272:20:unpack_packet_rreq	56	static
../Core/Src/mesh_AODV.c:288:20:unpack_packet_rrep	56	static
../Core/Src/mesh_AODV.c:304:9:receive_packet_handler	160	static
../Core/Src/mesh_AODV.c:397:9:packet_type	16	static
../Core/Src/mesh_AODV.c:409:9:rreq_table_append	16	static
../Core/Src/mesh_AODV.c:417:9:rreq_table_contains	24	static
../Core/Src/mesh_AODV.c:428:8:route_exists	24	static
../Core/Src/mesh_AODV.c:440:9:update_route_table	32	static
../Core/Src/mesh_AODV.c:472:6:rand_delay	8	static
../Core/Src/mesh_AODV.c:477:10:get_UID	24	static
